Checking compression stats
Protecting allocations
[FAULT] Working thread, giving back access: 0x7efe8dc80000
Done protecting allocations
[FAULT] Working thread, giving back access: 0x7efe91880228
Unprotecting allocations
Done unprotecting allocations
Updated buckets
Done
Bucket stats:
Bucket 0 (1 bytes)
  No entries
Bucket 1 (2 bytes)
  No entries
Bucket 2 (3 bytes)
  No entries
Bucket 3 (4 bytes)
  No entries
Bucket 4 (5 bytes)
  No entries
Bucket 5 (6 bytes)
  No entries
Bucket 6 (7 bytes)
  No entries
Bucket 7 (8 bytes)
  No entries
Bucket 8 (9 bytes)
  No entries
Bucket 9 (10 bytes)
  No entries
Bucket 10 (16 bytes)
  Total compressed size: 2211
  Total uncompressed size: 6432
  Number of entries: 201
  Compression ratio (lower is better): 0.34375
Bucket 11 (32 bytes)
  Total compressed size: 86
  Total uncompressed size: 7008
  Number of entries: 3
  Compression ratio (lower is better): 0.0122717
Bucket 12 (64 bytes)
  Total compressed size: 89
  Total uncompressed size: 10976
  Number of entries: 2
  Compression ratio (lower is better): 0.0081086
Bucket 13 (128 bytes)
  Total compressed size: 103
  Total uncompressed size: 7104
  Number of entries: 1
  Compression ratio (lower is better): 0.0144989
Bucket 14 (256 bytes)
  No entries
Bucket 15 (512 bytes)
  No entries
Bucket 16 (1024 bytes)
  No entries
Bucket 17 (2048 bytes)
  No entries
Bucket 18 (4096 bytes)
  No entries
Hello World!
Bucket stats:
Bucket 0 (1 bytes)
  No entries
Bucket 1 (2 bytes)
  No entries
Bucket 2 (3 bytes)
  No entries
Bucket 3 (4 bytes)
  No entries
Bucket 4 (5 bytes)
  No entries
Bucket 5 (6 bytes)
  No entries
Bucket 6 (7 bytes)
  No entries
Bucket 7 (8 bytes)
  No entries
Bucket 8 (9 bytes)
  No entries
Bucket 9 (10 bytes)
  No entries
Bucket 10 (16 bytes)
  Total compressed size: 2211
  Total uncompressed size: 6432
  Number of entries: 201
  Compression ratio (lower is better): 0.34375
Bucket 11 (32 bytes)
  Total compressed size: 86
  Total uncompressed size: 7008
  Number of entries: 3
  Compression ratio (lower is better): 0.0122717
Bucket 12 (64 bytes)
  Total compressed size: 89
  Total uncompressed size: 10976
  Number of entries: 2
  Compression ratio (lower is better): 0.0081086
Bucket 13 (128 bytes)
  Total compressed size: 103
  Total uncompressed size: 7104
  Number of entries: 1
  Compression ratio (lower is better): 0.0144989
Bucket 14 (256 bytes)
  No entries
Bucket 15 (512 bytes)
  No entries
Bucket 16 (1024 bytes)
  No entries
Bucket 17 (2048 bytes)
  No entries
Bucket 18 (4096 bytes)
  No entries
Elapsed time: 2570526 microseconds
