[WARN] Clearing soft dirty bits
[INFO] Elapsed time: 102499 ms
[INFO] Total overhead: 0 ms
[INFO]   Update overhead:     0 ms
[INFO]   Invalidate overhead: 0 ms
[INFO] Malloc count: 4
[INFO] Free count: 1
[INFO] Mmap count: 0
[INFO] Munmap count: 0
[INFO] Total allocations: 4
[INFO] Total frees: 1
[INFO] Heart beat (1 second has elapsed)
[INFO] Interval timer is at 102576ms, test is ready!
[INFO] Running interval
[INFO] Running interval for test 0: Page Tracking Test
[INFO] Interval 1 page tracking starting...
[INFO] Site 0x561D168F72A8 complete, tracked 0 pages
[INFO] Unprotecting 7FF4A2180000, size: 4096
[INFO] Getting pages for allocation at 0x7FF4A2180200
[INFO] Protecting 7FF4A2180000, size: 4096
[INFO] Tracked 1 pages for allocation
[INFO] Unprotecting 7FF4A2180000, size: 4096
[INFO] Unprotecting 7FF4B2C80000, size: 4096
[INFO] Getting pages for allocation at 0x7FF4B2C80100
[INFO] Protecting 7FF4B2C80000, size: 4096
[INFO] Tracked 1 pages for allocation
[WARN] Working thread, giving back access: 0x7FF4B2C8020C
[INFO] Site 0x7FF4B3C96D17 complete, tracked 2 pages
[INFO] Ticking age for 2 pages
